CoopScout Error Log - 2025-12-04 13:43:20
==================================================

Failed to scrape job #4: list index out of range
